Microchip MPLAB XC8 Compiler V2.32

Linker command line:

-W-3 --edf=C:\Program Files\Microchip\xc8\v2.32\pic\dat\en_msgs.txt -cn \
  -h+dist/default/production\Proyecto1_PCBS.X.production.sym \
  --cmf=dist/default/production\Proyecto1_PCBS.X.production.cmf -z -Q16F887 \
  -oC:\Users\ANDYBO~1\AppData\Local\Temp\xcAskk4.4 --defsym=__MPLAB_BUILD=1 \
  -Mdist/default/production/Proyecto1_PCBS.X.production.map -E1 \
  -ver=XC8 Compiler --acfsm=1493 -ASTACK=0110h-016Fh -pstack=STACK \
  -ACODE=00h-07FFhx4 -ASTRCODE=00h-01FFFh -ASTRING=00h-0FFhx32 \
  -ACONST=00h-0FFhx32 -AENTRY=00h-0FFhx32 -ACOMMON=070h-07Fh \
  -ABANK0=020h-06Fh -ABANK1=0A0h-0EFh -ABANK2=0110h-016Fh \
  -ABANK3=0190h-01EFh -ARAM=020h-06Fh,0A0h-0EFh,0110h-016Fh,0190h-01EFh \
  -AABS1=020h-07Fh,0A0h-0EFh,0110h-016Fh,0190h-01EFh -ASFR0=00h-01Fh \
  -ASFR1=080h-09Fh -ASFR2=0100h-010Fh -ASFR3=0180h-018Fh \
  -ACONFIG=02007h-02008h -DCONFIG=2 -AIDLOC=02000h-02003h -DIDLOC=2 \
  -AEEDATA=00h-0FFh/02100h -peeprom_data=EEDATA -DEEDATA=2 -DCODE=2 \
  -DSTRCODE=2 -DSTRING=2 -DCONST=2 -DENTRY=2 \
  -preset_vec=00h,intentry=04h,init,end_init -ppowerup=CODE -pcinit=CODE \
  -pfunctab=ENTRY -k C:\Users\ANDYBO~1\AppData\Local\Temp\xcAskk4.o \
  dist/default/production\Proyecto1_PCBS.X.production.o 

Object code version is 3.11

Machine type is 16F887



                Name                               Link     Load   Length Selector   Space Scale
C:\Users\ANDYBO~1\AppData\Local\Temp\xcAskk4.o
                end_init                              E        E        3        8       0
                reset_vec                             0        0        3        0       0
                config                             2007     2007        2        0       4
dist/default/production\Proyecto1_PCBS.X.production.o
                cinit                                11       11       19        8       0
                intentry                              4        4        A        8       0
                config                             2007     2007        2        0       4
                text3                                B7       B7       22        8       0
                text2                                5D       5D       2F        8       0
                text1                                2A       2A       33        8       0
                maintext                             8C       8C       2B        8       0
                cstackBANK0                          30       30        3       20       1
                cstackCOMMON                         77       77        4       70       1
                inittext                             D9       D9       13        8       0
                dataBANK0                            20       20       10       20       1
                bssCOMMON                            70       70        7       70       1
                idataBANK0                           EC       EC       10        8       0

TOTAL           Name                               Link     Load   Length     Space
        CLASS   STACK          

        CLASS   CODE           
                end_init                              E        E        3         0
                cinit                                11       11       19         0
                intentry                              4        4        A         0
                reset_vec                             0        0        3         0
                text3                                B7       B7       22         0
                text2                                5D       5D       2F         0
                text1                                2A       2A       33         0
                maintext                             8C       8C       2B         0
                inittext                             D9       D9       13         0
                idataBANK0                           EC       EC       10         0

        CLASS   STRCODE        

        CLASS   STRING         

        CLASS   CONST          

        CLASS   ENTRY          

        CLASS   COMMON         
                cstackCOMMON                         77       77        4         1
                bssCOMMON                            70       70        7         1

        CLASS   BANK0          
                cstackBANK0                          30       30        3         1
                dataBANK0                            20       20       10         1

        CLASS   BANK1          

        CLASS   BANK2          

        CLASS   BANK3          

        CLASS   RAM            

        CLASS   ABS1           
                abs_s1                               7E       7E        2         1

        CLASS   SFR0           

        CLASS   SFR1           

        CLASS   SFR2           

        CLASS   SFR3           

        CLASS   CONFIG         
                config                             2007     2007        2         4

        CLASS   IDLOC          

        CLASS   EEDATA         



SEGMENTS        Name                           Load    Length   Top    Selector   Space  Class     Delta

                reset_vec                      000000  000003  000003         0       0  CODE        2
                intentry                       000004  0000F8  0000FC         8       0  CODE        2
                dataBANK0                      000020  000013  000033        20       1  BANK0       1
                bssCOMMON                      000070  00000B  00007B        70       1  COMMON      1


UNUSED ADDRESS RANGES

        Name                Unused          Largest block    Delta
        BANK0            0033-006F             3D           1
        BANK1            00A0-00EF             50           1
        BANK2            0110-016F             60           1
        BANK3            0190-01EF             60           1
        CODE             0003-0003              1           2
                         00FC-1FFF            800
        COMMON           007B-007D              3           1
        CONST            0003-0003              1           2
                         00FC-1FFF            100
        EEDATA           2100-21FF            100           2
        ENTRY            0003-0003              1           2
                         00FC-1FFF            100
        IDLOC            2000-2003              4           2
        RAM              0033-006F             3D           1
                         00A0-00EF             50
                         0110-016F             60
                         0190-01EF             60
        SFR0             0000-001F             20           1
        SFR1             0080-009F             20           1
        SFR2             0100-010F             10           1
        SFR3             0180-018F             10           1
        STACK            0110-016F             60           1
        STRCODE          0003-0003              1           2
                         00FC-1FFF           1F04
        STRING           0003-0003              1           2
                         00FC-1FFF            100

                                  Symbol Table

_ANSEL                   (abs)        0188
_ANSELH                  (abs)        0189
_INTCONbits              (abs)        000B
_IOCBbits                (abs)        0096
_OPTION_REGbits          (abs)        0081
_OSCCONbits              (abs)        008F
_PORTA                   (abs)        0005
_PORTAbits               (abs)        0005
_PORTB                   (abs)        0006
_PORTD                   (abs)        0008
_TRISA                   (abs)        0085
_TRISBbits               (abs)        0086
_TRISD                   (abs)        0088
_WPUBbits                (abs)        0095
__Habs1                  abs1         0000
__Hbank0                 bank0        0000
__Hbank1                 bank1        0000
__Hbank2                 bank2        0000
__Hbank3                 bank3        0000
__HbssCOMMON             bssCOMMON    0000
__Hcinit                 cinit        002A
__Hclrtext               clrtext      0000
__Hcode                  code         0000
__Hcommon                common       0000
__Hconfig                config       2009
__HcstackBANK0           cstackBANK0  0000
__HcstackCOMMON          cstackCOMMON 0000
__HdataBANK0             dataBANK0    0000
__Heeprom_data           eeprom_data  0000
__Hend_init              end_init     0011
__Hfunctab               functab      0000
__HidataBANK0            idataBANK0   0000
__Hinit                  init         000E
__Hinittext              inittext     0000
__Hintentry              intentry     000E
__Hmaintext              maintext     0000
__Hpowerup               powerup      0000
__Hram                   ram          0000
__Hreset_vec             reset_vec    0003
__Hsfr0                  sfr0         0000
__Hsfr1                  sfr1         0000
__Hsfr2                  sfr2         0000
__Hsfr3                  sfr3         0000
__Hspace_0               (abs)        00FC
__Hspace_1               (abs)        007B
__Hspace_2               (abs)        0000
__Hspace_3               (abs)        0000
__Hspace_4               (abs)        4010
__Hstack                 stack        0000
__Hstrings               strings      0000
__Htext                  text         0000
__Labs1                  abs1         0000
__Lbank0                 bank0        0000
__Lbank1                 bank1        0000
__Lbank2                 bank2        0000
__Lbank3                 bank3        0000
__LbssCOMMON             bssCOMMON    0000
__Lcinit                 cinit        0011
__Lclrtext               clrtext      0000
__Lcode                  code         0000
__Lcommon                common       0000
__Lconfig                config       0000
__LcstackBANK0           cstackBANK0  0000
__LcstackCOMMON          cstackCOMMON 0000
__LdataBANK0             dataBANK0    0000
__Leeprom_data           eeprom_data  0000
__Lend_init              end_init     000E
__Lfunctab               functab      0000
__LidataBANK0            idataBANK0   0000
__Linit                  init         000E
__Linittext              inittext     0000
__Lintentry              intentry     0004
__Lmaintext              maintext     0000
__Lpowerup               powerup      0000
__Lram                   ram          0000
__Lreset_vec             reset_vec    0000
__Lsfr0                  sfr0         0000
__Lsfr1                  sfr1         0000
__Lsfr2                  sfr2         0000
__Lsfr3                  sfr3         0000
__Lspace_0               (abs)        0000
__Lspace_1               (abs)        0000
__Lspace_2               (abs)        0000
__Lspace_3               (abs)        0000
__Lspace_4               (abs)        0000
__Lstack                 stack        0000
__Lstrings               strings      0000
__Ltext                  text         0000
__S0                     (abs)        00FC
__S1                     (abs)        007B
__S2                     (abs)        0000
__S3                     (abs)        0000
___int_sp                stack        0000
___latbits               (abs)        0002
___sp                    stack        0000
___stackhi               (abs)        0000
___stacklo               (abs)        0000
__end_of__initialization cinit        0026
__end_of_isr             text3        00D9
__end_of_main            maintext     00B7
__end_of_osc_config      text2        008C
__end_of_setup           text1        005D
__initialization         cinit        0011
__pbssCOMMON             bssCOMMON    0070
__pcstackBANK0           cstackBANK0  0030
__pcstackCOMMON          cstackCOMMON 0077
__pdataBANK0             dataBANK0    0020
__pidataBANK0            idataBANK0   00EC
__pintentry              intentry     0004
__pmaintext              maintext     008C
__ptext1                 text1        002A
__ptext2                 text2        005D
__ptext3                 text3        00B7
__size_of_isr            (abs)        0000
__size_of_main           (abs)        0000
__size_of_osc_config     (abs)        0000
__size_of_setup          (abs)        0000
_antirrebote1            bssCOMMON    0076
_antirrebote2            bssCOMMON    0075
_encendido               dataBANK0    0028
_isr                     text3        00B7
_main                    maintext     008C
_osc_config              text2        005D
_retorno                 dataBANK0    0020
_setup                   text1        002A
btemp                    (abs)        007E
end_of_initialization    cinit        0026
init_fetch0              inittext     00D9
init_ram0                inittext     00DD
interrupt_function       intentry     0004
intlevel0                functab      0000
intlevel1                functab      0000
intlevel2                functab      0000
intlevel3                functab      0000
intlevel4                functab      0000
intlevel5                functab      0000
osc_config@freq          cstackCOMMON 007A
reset_vec                reset_vec    0000
saved_w                  (abs)        007E
start                    init         000E
start_initialization     cinit        0011
wtemp0                   (abs)        007E


MODULE INFORMATION

Module		Function		Class		Link	Load	Size
C:/Users/Andy Bonilla/Documents/GitHub/PCBs/Proyecto1/Proyecto1_PCBS.X/main_proyecto1.c
		_main          		CODE           	008C	0000	43
		_isr           		CODE           	00B7	0000	34
		_setup         		CODE           	002A	0000	51

C:/Users/Andy Bonilla/Documents/GitHub/PCBs/Proyecto1/Proyecto1_PCBS.X/main_proyecto1.c estimated size: 128

C:/Users/Andy Bonilla/Documents/GitHub/PCBs/Proyecto1/Proyecto1_PCBS.X/Osc_config.c
		_osc_config    		CODE           	005D	0000	47

C:/Users/Andy Bonilla/Documents/GitHub/PCBs/Proyecto1/Proyecto1_PCBS.X/Osc_config.c estimated size: 47

shared
		__initialization		CODE           	0011	0000	21

shared estimated size: 21

