Microchip MPLAB XC8 Compiler V2.32

Linker command line:

-W-3 --edf=C:\Program Files\Microchip\xc8\v2.32\pic\dat\en_msgs.txt -cn \
  -h+dist/default/production\Proyecto1_PCBS.X.production.sym \
  --cmf=dist/default/production\Proyecto1_PCBS.X.production.cmf -z -Q16F887 \
  -oC:\Users\ANDYBO~1\AppData\Local\Temp\xcAsgoc.4 --defsym=__MPLAB_BUILD=1 \
  -Mdist/default/production/Proyecto1_PCBS.X.production.map -E1 \
  -ver=XC8 Compiler --acfsm=1493 -ASTACK=0110h-016Fh -pstack=STACK \
  -ACODE=00h-07FFhx4 -ASTRCODE=00h-01FFFh -ASTRING=00h-0FFhx32 \
  -ACONST=00h-0FFhx32 -AENTRY=00h-0FFhx32 -ACOMMON=070h-07Fh \
  -ABANK0=020h-06Fh -ABANK1=0A0h-0EFh -ABANK2=0110h-016Fh \
  -ABANK3=0190h-01EFh -ARAM=020h-06Fh,0A0h-0EFh,0110h-016Fh,0190h-01EFh \
  -AABS1=020h-07Fh,0A0h-0EFh,0110h-016Fh,0190h-01EFh -ASFR0=00h-01Fh \
  -ASFR1=080h-09Fh -ASFR2=0100h-010Fh -ASFR3=0180h-018Fh \
  -ACONFIG=02007h-02008h -DCONFIG=2 -AIDLOC=02000h-02003h -DIDLOC=2 \
  -AEEDATA=00h-0FFh/02100h -peeprom_data=EEDATA -DEEDATA=2 -DCODE=2 \
  -DSTRCODE=2 -DSTRING=2 -DCONST=2 -DENTRY=2 \
  -preset_vec=00h,intentry=04h,init,end_init -ppowerup=CODE -pcinit=CODE \
  -pfunctab=ENTRY -k C:\Users\ANDYBO~1\AppData\Local\Temp\xcAsgoc.o \
  dist/default/production\Proyecto1_PCBS.X.production.o 

Object code version is 3.11

Machine type is 16F887



                Name                               Link     Load   Length Selector   Space Scale
C:\Users\ANDYBO~1\AppData\Local\Temp\xcAsgoc.o
                end_init                              E        E        3        8       0
                reset_vec                             0        0        3        0       0
                config                             2007     2007        2        0       4
dist/default/production\Proyecto1_PCBS.X.production.o
                cinit                                11       11       19        8       0
                intentry                              4        4        A        8       0
                config                             2007     2007        2        0       4
                text7                               1C4      1C4       29        8       0
                text6                               14B      14B       4A        8       0
                text5                               234      234        4        8       0
                text4                                F2       F2       59        8       0
                text3                                99       99       59        8       0
                text2                               195      195       2F        8       0
                text1                               1ED      1ED       24        8       0
                maintext                             2A       2A       6F        8       0
                cstackBANK0                          30       30        4       20       1
                cstackCOMMON                         76       76        4       70       1
                inittext                            211      211       13        8       0
                dataBANK0                            20       20       10       20       1
                bssBANK0                             34       34        1       20       1
                bssCOMMON                            70       70        6       70       1
                idataBANK0                          224      224       10        8       0

TOTAL           Name                               Link     Load   Length     Space
        CLASS   STACK          

        CLASS   CODE           
                end_init                              E        E        3         0
                cinit                                11       11       19         0
                intentry                              4        4        A         0
                reset_vec                             0        0        3         0
                text7                               1C4      1C4       29         0
                text6                               14B      14B       4A         0
                text5                               234      234        4         0
                text4                                F2       F2       59         0
                text3                                99       99       59         0
                text2                               195      195       2F         0
                text1                               1ED      1ED       24         0
                maintext                             2A       2A       6F         0
                inittext                            211      211       13         0
                idataBANK0                          224      224       10         0

        CLASS   STRCODE        

        CLASS   STRING         

        CLASS   CONST          

        CLASS   ENTRY          

        CLASS   COMMON         
                cstackCOMMON                         76       76        4         1
                bssCOMMON                            70       70        6         1

        CLASS   BANK0          
                cstackBANK0                          30       30        4         1
                dataBANK0                            20       20       10         1
                bssBANK0                             34       34        1         1

        CLASS   BANK1          

        CLASS   BANK2          

        CLASS   BANK3          

        CLASS   RAM            

        CLASS   ABS1           
                abs_s1                               7E       7E        2         1

        CLASS   SFR0           

        CLASS   SFR1           

        CLASS   SFR2           

        CLASS   SFR3           

        CLASS   CONFIG         
                config                             2007     2007        2         4

        CLASS   IDLOC          

        CLASS   EEDATA         



SEGMENTS        Name                           Load    Length   Top    Selector   Space  Class     Delta

                reset_vec                      000000  000003  000003         0       0  CODE        2
                intentry                       000004  000234  000238         8       0  CODE        2
                dataBANK0                      000020  000015  000035        20       1  BANK0       1
                bssCOMMON                      000070  00000A  00007A        70       1  COMMON      1


UNUSED ADDRESS RANGES

        Name                Unused          Largest block    Delta
        BANK0            0035-006F             3B           1
        BANK1            00A0-00EF             50           1
        BANK2            0110-016F             60           1
        BANK3            0190-01EF             60           1
        CODE             0003-0003              1           2
                         0238-1FFF            800
        COMMON           007A-007D              4           1
        CONST            0003-0003              1           2
                         0238-1FFF            100
        EEDATA           2100-21FF            100           2
        ENTRY            0003-0003              1           2
                         0238-1FFF            100
        IDLOC            2000-2003              4           2
        RAM              0035-006F             3B           1
                         00A0-00EF             50
                         0110-016F             60
                         0190-01EF             60
        SFR0             0000-001F             20           1
        SFR1             0080-009F             20           1
        SFR2             0100-010F             10           1
        SFR3             0180-018F             10           1
        STACK            0110-016F             60           1
        STRCODE          0003-0003              1           2
                         0238-1FFF           1DC8
        STRING           0003-0003              1           2
                         0238-1FFF            100

                                  Symbol Table

_ANSEL                    (abs)        0188
_ANSELH                   (abs)        0189
_INTCONbits               (abs)        000B
_IOCBbits                 (abs)        0096
_OPTION_REGbits           (abs)        0081
_OSCCONbits               (abs)        008F
_PORTA                    (abs)        0005
_PORTB                    (abs)        0006
_PORTBbits                (abs)        0006
_PORTD                    (abs)        0008
_TRISA                    (abs)        0085
_TRISBbits                (abs)        0086
_TRISD                    (abs)        0088
_WPUBbits                 (abs)        0095
__Habs1                   abs1         0000
__Hbank0                  bank0        0000
__Hbank1                  bank1        0000
__Hbank2                  bank2        0000
__Hbank3                  bank3        0000
__HbssBANK0               bssBANK0     0000
__HbssCOMMON              bssCOMMON    0000
__Hcinit                  cinit        002A
__Hclrtext                clrtext      0000
__Hcode                   code         0000
__Hcommon                 common       0000
__Hconfig                 config       2009
__HcstackBANK0            cstackBANK0  0000
__HcstackCOMMON           cstackCOMMON 0000
__HdataBANK0              dataBANK0    0000
__Heeprom_data            eeprom_data  0000
__Hend_init               end_init     0011
__Hfunctab                functab      0000
__HidataBANK0             idataBANK0   0000
__Hinit                   init         000E
__Hinittext               inittext     0000
__Hintentry               intentry     000E
__Hmaintext               maintext     0000
__Hpowerup                powerup      0000
__Hram                    ram          0000
__Hreset_vec              reset_vec    0003
__Hsfr0                   sfr0         0000
__Hsfr1                   sfr1         0000
__Hsfr2                   sfr2         0000
__Hsfr3                   sfr3         0000
__Hspace_0                (abs)        0238
__Hspace_1                (abs)        007A
__Hspace_2                (abs)        0000
__Hspace_3                (abs)        0000
__Hspace_4                (abs)        4010
__Hstack                  stack        0000
__Hstrings                strings      0000
__Htext                   text         0000
__Labs1                   abs1         0000
__Lbank0                  bank0        0000
__Lbank1                  bank1        0000
__Lbank2                  bank2        0000
__Lbank3                  bank3        0000
__LbssBANK0               bssBANK0     0000
__LbssCOMMON              bssCOMMON    0000
__Lcinit                  cinit        0011
__Lclrtext                clrtext      0000
__Lcode                   code         0000
__Lcommon                 common       0000
__Lconfig                 config       0000
__LcstackBANK0            cstackBANK0  0000
__LcstackCOMMON           cstackCOMMON 0000
__LdataBANK0              dataBANK0    0000
__Leeprom_data            eeprom_data  0000
__Lend_init               end_init     000E
__Lfunctab                functab      0000
__LidataBANK0             idataBANK0   0000
__Linit                   init         000E
__Linittext               inittext     0000
__Lintentry               intentry     0004
__Lmaintext               maintext     0000
__Lpowerup                powerup      0000
__Lram                    ram          0000
__Lreset_vec              reset_vec    0000
__Lsfr0                   sfr0         0000
__Lsfr1                   sfr1         0000
__Lsfr2                   sfr2         0000
__Lsfr3                   sfr3         0000
__Lspace_0                (abs)        0000
__Lspace_1                (abs)        0000
__Lspace_2                (abs)        0000
__Lspace_3                (abs)        0000
__Lspace_4                (abs)        0000
__Lstack                  stack        0000
__Lstrings                strings      0000
__Ltext                   text         0000
__S0                      (abs)        0238
__S1                      (abs)        007A
__S2                      (abs)        0000
__S3                      (abs)        0000
___int_sp                 stack        0000
___latbits                (abs)        0002
___sp                     stack        0000
___stackhi                (abs)        0000
___stacklo                (abs)        0000
__end_of__initialization  cinit        0026
__end_of_antirrebotes     text6        0195
__end_of_isr              text7        01ED
__end_of_main             maintext     0099
__end_of_motor_apagado    text5        0238
__end_of_motor_encendido  text4        014B
__end_of_osc_config       text2        01C4
__end_of_retorno_motor    text3        00F2
__end_of_setup            text1        0211
__initialization          cinit        0011
__pbssBANK0               bssBANK0     0034
__pbssCOMMON              bssCOMMON    0070
__pcstackBANK0            cstackBANK0  0030
__pcstackCOMMON           cstackCOMMON 0076
__pdataBANK0              dataBANK0    0020
__pidataBANK0             idataBANK0   0224
__pintentry               intentry     0004
__pmaintext               maintext     002A
__ptext1                  text1        01ED
__ptext2                  text2        0195
__ptext3                  text3        0099
__ptext4                  text4        00F2
__ptext5                  text5        0234
__ptext6                  text6        014B
__ptext7                  text7        01C4
__size_of_antirrebotes    (abs)        0000
__size_of_isr             (abs)        0000
__size_of_main            (abs)        0000
__size_of_motor_apagado   (abs)        0000
__size_of_motor_encendido (abs)        0000
__size_of_osc_config      (abs)        0000
__size_of_retorno_motor   (abs)        0000
__size_of_setup           (abs)        0000
_antirrebote1             bssCOMMON    0075
_antirrebote2             bssCOMMON    0074
_antirrebote3             bssCOMMON    0073
_antirrebotes             text6        014B
_bot_apagado              bssCOMMON    0071
_bot_encendido            bssCOMMON    0072
_bot_retorno              bssCOMMON    0070
_encendido                dataBANK0    0028
_isr                      text7        01C4
_main                     maintext     002A
_motor_apagado            text5        0234
_motor_encendido          text4        00F2
_osc_config               text2        0195
_retorno                  dataBANK0    0020
_retorno_motor            text3        0099
_setup                    text1        01ED
btemp                     (abs)        007E
end_of_initialization     cinit        0026
init_fetch0               inittext     0211
init_ram0                 inittext     0215
interrupt_function        intentry     0004
intlevel0                 functab      0000
intlevel1                 functab      0000
intlevel2                 functab      0000
intlevel3                 functab      0000
intlevel4                 functab      0000
intlevel5                 functab      0000
main@i                    cstackBANK0  0030
main@i_240                cstackBANK0  0032
osc_config@freq           cstackCOMMON 0079
reset_vec                 reset_vec    0000
saved_w                   (abs)        007E
start                     init         000E
start_initialization      cinit        0011
wtemp0                    (abs)        007E


MODULE INFORMATION

Module		Function		Class		Link	Load	Size
C:/Users/Andy Bonilla/Documents/GitHub/PCBs/Proyecto1/Proyecto1_PCBS.X/main_proyecto1.c
		_main          		CODE           	002A	0000	111
		_motor_apagado 		CODE           	0234	0000	4
		_motor_encendido		CODE           	00F2	0000	89
		_isr           		CODE           	01C4	0000	41
		_setup         		CODE           	01ED	0000	36
		_antirrebotes  		CODE           	014B	0000	74
		_retorno_motor 		CODE           	0099	0000	89

C:/Users/Andy Bonilla/Documents/GitHub/PCBs/Proyecto1/Proyecto1_PCBS.X/main_proyecto1.c estimated size: 444

C:/Users/Andy Bonilla/Documents/GitHub/PCBs/Proyecto1/Proyecto1_PCBS.X/Osc_config.c
		_osc_config    		CODE           	0195	0000	47

C:/Users/Andy Bonilla/Documents/GitHub/PCBs/Proyecto1/Proyecto1_PCBS.X/Osc_config.c estimated size: 47

shared
		__initialization		CODE           	0011	0000	21

shared estimated size: 21

